2
2
3
9999
<a,b,c,d,e,f; efEF, cfdCfDF, aBfAFbf>
<a,b,c,d,e,f; efEF, cfdCfDF, aBfAFbf; Fc, DF, fa, Bf>
<a,b,c,d,e,f; efEF, cfdCfDF, aBfAFbf; efdE, eCfE, Fb, AF>
329
329
156
5
1-1: 0
2-2: 0
1-2: 6
comb-barrel
comb-loop
