morse {
 ^l,0 ;
 |  ^r,0  | ;
 |  U  | ;
 |  ^r,0  | ;
 |  U  | ;
 U ;
}
morse {
 ^l,0 ;
 |  ^l,0+-  | ;
 X d,0 d,2  |  | ;
 X  |  | ;
 |  U  | ;
 U ;
}
morse {
 ^l,0 ;
 |  ^l,1  | ;
 |  U  | ;
 U ;
}
morse {
 ^l,0 ;
 |  ^l,2  | ;
 X d,0 d,0  |  | ;
 X  |  | ;
 |  U  | ;
 U ;
}
morse {
 ^l,0 ;
 U ;
}
morse {
 ^l,0 ;
 |  ^r,0  | ;
 |  |  ^l,0  |  | ;
 |  X d,2 u,0  |  |  | ;
 |  X  |  |  | ;
 |  |  U  |  | ;
 |  U  | ;
 U ;
}
morse {
 ^l,0 ;
 |  ^r,0  | ;
 |  |  ^l,0  |  | ;
 |  X d,0 u,2  |  |  | ;
 |  X  |  |  | ;
 |  |  U  |  | ;
 |  U  | ;
 U ;
}
morse {
 ^l,0 ;
 U ;
}
morse {
 ^l,0 ;
 |  ^l,0  | ;
 |  |  ^l,3-  |  | ;
 |  X d,0+ d,0  |  |  | ;
 |  X  |  |  | ;
 |  |  U  |  | ;
 |  U  | ;
 U ;
}
morse {
 ^l,0 ;
 |  ^l,0  | ;
 X d,0 d,2  |  | ;
 X d,0 d,0  |  | ;
 |  ^l,0  |  |  | ;
 X d,0 d,2  |  |  |  | ;
 X []d,0  |  |  |  | ;
 |  |  ^l,2  |  |  |  | ;
 |  X []d,0  |  |  |  |  | ;
 |  |  X  |  |  |  | ;
 |  |  |  U  |  |  | ;
 |  |  U  |  | ;
 |  U  | ;
 U ;
}
morse {
 ^l,0 ;
 |  ^r,0  | ;
 |  U  | ;
 U ;
}
morse {
 ^l,0 ;
 |  ^l,0++  | ;
 |  X u,0 d,0  | ;
 |  X d,2--  | ;
 |  U  | ;
 U ;
}
morse {
 ^l,0 ;
 |  ^l,0+-+-  | ;
 |  U  | ;
 U ;
}
morse {
 ^l,0 ;
 |  ^l,0  | ;
 X d,0 d,2  |  | ;
 |  ^l,0  |  |  | ;
 |  |  |  ^r,0  |  |  | ;
 |  |  X  |  |  |  | ;
 |  |  |  U  |  |  | ;
 |  |  U  |  | ;
 X []d,2  |  | ;
 |  X u,0  | ;
 |  U  | ;
 U ;
}
morse {
 ^l,0 ;
 |  ^l,2  | ;
 X d,0 d,0  |  | ;
 |  ^l,0  |  |  | ;
 X []d,2  |  |  |  | ;
 |  X u,0 d,0  |  |  | ;
 |  X  |  |  | ;
 |  |  U  |  | ;
 |  U  | ;
 U ;
}
morse {
 ^l,0 ;
 |  ^l,0+-  | ;
 X d,0 d,2  |  | ;
 X d,0  |  | ;
 |  U  | ;
 |  ^l,0+-  | ;
 X d,0 d,2  |  | ;
 X  |  | ;
 |  U  | ;
 U ;
}
morse {
 ^l,0 ;
 |  ^l,1  | ;
 |  U  | ;
 |  ^l,1  | ;
 |  U  | ;
 U ;
}
morse {
 ^l,0 ;
 |  ^l,0  | ;
 X d,0 d,2  |  | ;
 |  ^l,2  |  |  | ;
 X []d,0  |  |  |  | ;
 |  |  ^r,2  |  |  |  | ;
 |  X u,0 d,0  |  |  |  |  | ;
 |  X []u,2  |  |  |  |  | ;
 |  |  |  ^r,0  |  |  |  |  | ;
 |  |  X u,0 u,0  |  |  |  |  |  | ;
 |  |  |  ^r,0  |  |  |  |  |  |  | ;
 |  |  X []u,0  |  |  |  |  |  |  |  | ;
 |  |  |  X []u,0  |  |  |  |  |  |  | ;
 |  |  |  |  X  |  |  |  |  |  | ;
 |  |  |  |  |  U  |  |  |  |  | ;
 |  |  |  |  U  |  |  |  | ;
 |  |  |  U  |  |  | ;
 |  |  U  |  | ;
 |  U  | ;
 U ;
}
morse {
 ^l,0 ;
 |  ^l,2  | ;
 X d,0 d,0+-  |  | ;
 |  ^l,0+-  |  |  | ;
 |  U  |  |  | ;
 X  |  | ;
 |  U  | ;
 U ;
}
sketch {
Arc 1: (0);
Arc 2: (0);
Arc 3: [0];
Arc 4: [0];
Arc 5: [0];
Arc 6: [0 1 2];
Arc 7: [0 1 2];
Arc 8: [0 1 2];
Region 0 (f = 0): () (-a1);
Region 1 (f = 2): (-a2);
Region 2 (f = 2): (+a5 -a6);
Region 3 (f = 2): (+a3 -a7);
Region 4 (f = 0): (-a3 -a4 -a5);
Region 5 (f = 2): (+a1) (+a4 -a8);
Region 6 (f = 4): (+a8 +a7 +a6) (+a2);
}
