unknotting the gordian knot...
<a; >
unknotting the joel hass knot...
<a; >
