Count representations in SL(2,Z/5Z) (Kitano-Suzuki) for K3_1
19
Count representations in SL(2,Z/3Z) (Kitano-Suzuki) for K10_7
7
Count representations in SL(2,Z/5Z) (Kitano-Suzuki) for handlebody-knot HK6_10
768
