Example knots/knot_3_1.knot:
<a,b; aaBAbAB>
(1,1): +1+a-aaBA-aaBAbA
(1,2): -aaB+aaBA-aaBAbAB
(1,1): +1-t+t^2
(1,2): 0
Example links/link_2_6_3.knot:
<a,b,c; abCacAcBAC, ababaCAcABAc>
(1,1): +1+abC-abCacA-abCacAcBA
(1,2): +a-abCacAcB
(1,3): -abC+abCa+abCacA-abCacAcBAC
(2,1): +1+ab+abab-ababaCA-ababaCAcA-ababaCAcABA
(2,2): +a+aba-ababaCAcAB
(2,3): -ababaC+ababaCA+ababaCAcABA
(1,1): -uv^(-1)+u^2v^(-1)+u
(1,2): -u^2v^(-3)-uv^(-2)+u^2v^(-2)-v^(-1)+uv^(-1)+1
(1,3): +u^2v^(-3)-u^3v^(-3)+uv^(-2)-u^2v^(-2)+v^(-1)-uv^(-1)
(2,1): +u-uv
(2,2): +uv^(-2)-uv^(-1)+1-v
(2,3): -uv^(-2)+u^2v^(-2)-1+u
Example borromeanrings.knot:
<a,b,c; acACbcaCAB, acAbaBCbAB>
(1,1): +1-acA+acACbc-acACbcaCA
(1,2): +acAC-acACbcaCAB
(1,3): +a-acAC+acACb-acACbcaC
(2,1): +1-acA+acAb-acAbaBCbA
(2,2): +acA-acAbaB+acAbaBC-acAbaBCbAB
(2,3): +a-acAbaBC
(1,1): +1-v-w+vw
(1,2): 0
(1,3): -1+u+v-uv
(2,1): +1-v-w+vw
(2,2): -1+u+w-uw
(2,3): 0
Example embrace.knot:
<a,b,c; abABcAC>
(1,1): +1-abA-abABcA
(1,2): +a-abAB
(1,3): +abAB-abABcAC
(1,1): -1+u+v
(1,2): 0
(1,3): 0
