Finding surgery...
Contour arguments to apply surgery: punchhole -r 10 -s 0
Applying surgery and computing Alexander polynomial...
d = 1
+1-3t+5t^2-7t^3+5t^4-3t^5+t^6;
Now using the new option --autosurgery...
d = 1
+1-3t+5t^2-7t^3+5t^4-3t^5+t^6;
