sketch {
Arc 1: (0);
Arc 2: [0 1 2);
Arc 3: [0 1 2);
Arc 4: [0];
Arc 5: [0];
Region 0 (f = 0): () (-a1);
Region 1 (f = 4): (+a2);
Region 2 (f = 4): (+a3);
Region 3 (f = 0): (-a4 -a5);
Region 4 (f = 2): (+a1) (-a2 +a5 -a3 +a4);
}
sketch {
Arc 1: (0);
Arc 2: [0 1 2);
Arc 3: [0 1 2);
Arc 4: [0];
Arc 5: [0];
Region 0 (f = 0): () (-a1);
Region 1 (f = 4): (+a3);
Region 2 (f = 4): (+a2);
Region 3 (f = 0): (-a4 -a5);
Region 4 (f = 2): (+a1) (-a2 +a5 -a3 +a4);
}
