sketch {
Arc 1: (0);
Arc 2: (0);
Arc 3: (0);
Region 0 (f = 0): () (-a1) (-a2) (-a3);
Region 1 (f = 2): (+a2);
Region 2 (f = 2): (+a1);
Region 3 (f = 2): (+a3);
}
