Rules that apply:
N4 N4:2 N4:3
Rules that apply:
N1 N3 N3:2 N5 N5:2
