sketch {
Arc 1: [0];
Arc 2: [0];
Arc 3: [0];
Arc 4: [0];
Arc 5: [0];
Arc 6: [0];
Arc 7: [2];
Arc 8: [2];
Region 0 (f = 0): () (-a1 -a2 -a3 -a4);
Region 1 (f = 2): (+a4 -a7);
Region 2 (f = 2): (+a2 -a8);
Region 3 (f = 4): (+a5 +a7);
Region 4 (f = 4): (+a6 +a8);
Region 5 (f = 2): (+a1 -a5 +a3 -a6);
}
sketch {
Arc 1: (0);
Arc 2: [0];
Arc 3: [0];
Arc 4: [0];
Arc 5: [2];
Region 0 (f = 0): () (-a1) (-a2 -a3);
Region 1 (f = 2): (+a1);
Region 2 (f = 2): (+a2 -a4);
Region 3 (f = 2): (+a3 -a5);
Region 4 (f = 4): (+a4 +a5);
}
sketch {
Arc 1: (0);
Arc 2: (0);
Arc 3: (0);
Region 0 (f = 0): () (-a1) (-a2) (-a3);
Region 1 (f = 2): (+a1);
Region 2 (f = 2): (+a2);
Region 3 (f = 2): (+a3);
}
