rank: 6
rank: 4
rank: 2
rank: 1
rank: 1
rank: 2
rank: 2
rank: 3
rank: 2
rank: 0
rank: 0
rank: 0
rank: 0
rank: 0
