Converting gausscode of trefoil knot
dtcode {[4 6 2]}
