Connected components: 3
sketch {
Arc 1: (0);
Region 0 (f = 0): () (-a1);
Region 1 (f = 2): (+a1);
}
sketch {
Arc 1: (0);
Arc 2: (0);
Region 0 (f = 0): () (-a1);
Region 1 (f = 0): (-a2);
Region 2 (f = 2): (+a1) (+a2);
}
Connected components: 2
Connected components: 2
