#
# test for the computation of the second elementary ideal
#
# test a few kanenobu 2p 2q knots
#
plist=`seq -10 2 10`
qlist=`seq -10 2 10`

for p in $plist
do
  for q in $qlist
  do
    echo "Checking with kanenobu $p $q"
    if [ "$p" = "10" -a "$q" = "-2" ]
    then
      echo "The case $p $q leads to too large integers, see BUGS file"
    else
      ./utils/kanenobu.sh $p $q | ./contour --out alexander --foxd 2 -q
    fi
  done
done

