link L8a21: 4 components
Component 1, alexander: 1;
Component 2, alexander: 1;
Component 3, alexander: 1;
Component 4, alexander: 1;
link L10a108: 2 components
Component 1, alexander: +1-t+t^2;
Component 2, alexander: +1-t+t^2;
link L10n65: 3 components
Component 1, alexander: 1;
Component 2, alexander: 1;
Component 3, alexander: -1+3t-t^2;
link L11n459: 4 components
Component 1, alexander: 1;
Component 2, alexander: 1;
Component 3, alexander: 1;
Component 4, alexander: 1;
link L11n412: 3 components
Component 1, alexander: 1;
Component 2, alexander: 1;
Component 3, alexander: +1-t+t^2;
link L11a385: 3 components
Component 1, alexander: 1;
Component 2, alexander: 1;
Component 3, alexander: +2-3t+2t^2;
knot L11n257: abelianized jacobian matrix
-w^(-1)+2w,	+w^(-3)-w^(-1),	0,	0,	0;
-v^(-1)-2+3w,	+v^(-1)w^(-2)+2w^(-2)-3w^(-1)+1,	0,	-v^(-1)+2v^(-1)w-v^(-1)w^2,	+v^(-1)-1-v^(-1)w+w;
-v^(-1)w^(-1)+uv^(-1)w^(-1)+w^(-1)-uw^(-1)+v^(-1)-uv^(-1)-1+u,	+v^(-1)w^(-3)-uv^(-1)w^(-3)-w^(-3)+uw^(-3)-v^(-1)w^(-2)+uv^(-1)w^(-2)+w^(-2)-uw^(-2)+v^(-1)w^(-1)-uv^(-1)w^(-1)-w^(-1)+uw^(-1)-v^(-1)+uv^(-1),	+1-v^(-1)w^2,	+v^(-1)w-uv^(-1)w,	-1+u-v^(-1)w+uv^(-1)w;
+v^(-1)w^(-1)-uw^(-1)-v^(-1)+u,	-v^(-1)w^(-3)+uw^(-3)+v^(-1)w^(-2)-uw^(-2)-v^(-1)w^(-1)+uw^(-1),	+1-v^(-1)w,	+v^(-1)-uv^(-1)w,	-v^(-1)+u;
