2
2
3
3
9999
<a,b,c,d,e; deDE, bcBC, adbABD>
<a,b,c,d,e; deDE, bcBC, adbABD; b, ca, d, ea>
<a,b,c,d,e; deDE, bcBC, adbABD; a, db>
<a,b,c,d,e; deDE, bcBC, adbABD; c, b>
329
329
77
77
156
156
5
5
1-1: 0
2-2: 0
1-2: 6
1-1: 0
2-2: 0
3-3: 0
4-4: 0
1-2: 2
1-3: 2
1-4: 2
2-3: 0
2-4: 0
3-4: 0
