knot: 15n_112310
Computing first elementary ideal:
Alexander polynomial (up to t -> 1/t):
+1-11t+19t^2-19t^3+19t^4-11t^5+t^6;
Computing second elementary ideal:
WARNING: above max allowed int size, cannot complete simplification
# *** Warning: result can be noncanonical ***
Alexander ideal generated by:
+27;
+9+9t;
+3+6t+3t^2;
+1+3t+3t^2+t^3;
Computing fourth elementary ideal:
# *** Warning: result can be noncanonical ***
Alexander ideal generated by:
+3;
+1+t;
