second elementary principal ideal for kanenobu 4 -2
spread = 3
+1;
second elementary principal ideal for kanenobu 6 -2
spread = 4
+1;
