Checking with kanenobu 10 -2
# *** Warning: result can be noncanonical ***
Ideal [
+6;
+1+3t+t^2;
]
