second elementary principal ideal for kanenobu 0 0
Alexander polynomial (up to t -> 1/t) with spread factor 1:
+1-3t+t^2;
second elementary principal ideal for kanenobu 2 0
Alexander polynomial (up to t -> 1/t) with spread factor 1:
+1;
second elementary principal ideal for kanenobu 4 0
Fuzzy Alexander polynomial (up to t -> 1/t) with spread factor 2:
+1;
second elementary principal ideal for kanenobu 2 -2
Fuzzy Alexander polynomial (up to t -> 1/t) with spread factor 2:
+1;
second elementary principal ideal for kanenobu 2 -4
Fuzzy Alexander polynomial (up to t -> 1/t) with spread factor 3:
+1;
second elementary principal ideal for kanenobu 2 -6
Fuzzy Alexander polynomial (up to t -> 1/t) with spread factor 4:
+1;
second elementary principal ideal for kanenobu 2 -10
Fuzzy Alexander polynomial (up to t -> 1/t) with spread factor 6:
+1;
second elementary principal ideal for kanenobu 2 -12
Fuzzy Alexander polynomial (up to t -> 1/t) with spread factor 7:
+1;
