+1-t+t^2;
156
600
1841
23714
21154
d = 1
+1-t+t^2;
156
600
1841
23714
21154
