<a,b; abAB>
<a; >
<a; >
<a,b,c; acACbAB>
<a,b; >
<a,b; >
<a,b; abAB>
<a,b; ababABAB>
The following two presentations MUST be equivalent:
<a,b,c; abcACaBAcaC>
<a,b,c; abABcAC>
<a,b,c; acACbcaCAB, acAbaBCbAB>
