Number of representations in A5 with added relator ml:
3
Number of representations in A5 with added relator mL:
2
granny: 27
square: 37
Granny and square knots are not equivalent
