*** Warning: canonization procedure not yet implemented ***
-1+u+v
*** Warning: canonization procedure not yet implemented ***
+1
*** Warning: canonization procedure not yet implemented ***
+1
*** Warning: canonization procedure not yet implemented ***
+1-u-2v+2uv+u^2v+uv^2-2u^2v^2+u^3v^2
