Region 0:
-r 0 -a 1:0 -a 1:0 (INVK2:1)
Region 1:
-r 1 -a 2:0 -a 2:1 (INVB:1)
-r 1 -a 2:0 -a 2:2 (INVK0:1)
-r 1 -a 2:0 -a 2:3 (INVB:2)
-r 1 -a 2:1 -a 2:2 (INVB:3)
-r 1 -a 2:3 -a 2:2 (INVB:4)
Region 2:
-r 2 -a 1:0 -a 2:2 (INVK1:1)
-r 2 -a 2:0 -a 1:0 (INVK1B:1)
-r 2 -a 2:0 -a 2:0 (INVK2:2)
-r 2 -a 2:0 -a 2:1 (INVK2:3)
-r 2 -a 2:0 -a 2:2 (INVK2:4)
-r 2 -a 2:0 -a 2:3 (INVK2:5)
-r 2 -a 2:1 -a 2:1 (INVK2:6)
-r 2 -a 2:1 -a 2:2 (INVK2:7)
-r 2 -a 2:1 -a 2:3 (INVK2:8)
-r 2 -a 2:2 -a 2:2 (INVK2:9)
-r 2 -a 2:3 -a 2:1 (INVK2:10)
-r 2 -a 2:3 -a 2:2 (INVK2:11)
-r 2 -a 2:3 -a 2:3 (INVK2:12)
sketch {
Arc 1: [0];
Arc 2: [0];
Arc 3: [0];
Arc 4: [2];
Region 0 (f = 0): () (-a1 -a2);
Region 1 (f = 2): (-a3 +a1);
Region 2 (f = 2): (+a2 -a4);
Region 3 (f = 4): (+a3 +a4);
}
sketch {
Arc 1: (0);
Arc 2: [0 1);
Arc 3: [1 2 1 0);
Arc 4: [0];
Arc 5: [3];
Region 0 (f = 0): () (-a1);
Region 1 (f = 2): (-a2);
Region 2 (f = 6): (+a4 +a5);
Region 3 (f = 4): (+a2 -a4 +a3 -a5);
Region 4 (f = 2): (+a1) (-a3);
}
sketch {
Arc 1: (0);
Arc 2: [0 1 2);
Arc 3: [2 1 0);
Arc 4: [0];
Arc 5: [0];
Region 0 (f = 0): () (-a1);
Region 1 (f = 4): (+a2);
Region 2 (f = 4): (+a3);
Region 3 (f = 0): (-a4 -a5);
Region 4 (f = 2): (+a1) (-a2 +a4 -a3 +a5);
}
sketch {
Arc 1: [0];
Arc 2: [0];
Arc 3: [0];
Arc 4: [2 1 0 1 2];
Region 0 (f = 0): () (-a1 -a2);
Region 1 (f = 2): (-a3 +a1);
Region 2 (f = 2): (+a2 -a4);
Region 3 (f = 4): (+a3 +a4);
}
sketch {
Arc 1: [0];
Arc 2: [0];
Arc 3: [2];
Arc 4: [0 1 2 1 0];
Region 0 (f = 0): () (-a1 -a2);
Region 1 (f = 2): (+a1 -a3);
Region 2 (f = 2): (+a2 -a4);
Region 3 (f = 4): (+a3 +a4);
}
sketch {
Arc 1: [0 1 2);
Arc 2: [2 1 0);
Arc 3: [0];
Arc 4: [0];
Region 0 (f = 0): () (-a3 -a4);
Region 1 (f = 4): (+a1);
Region 2 (f = 4): (+a2);
Region 3 (f = 2): (-a1 +a4 -a2 +a3);
}
sketch {
Arc 1: (0 1 0);
Arc 2: [0];
Arc 3: [0];
Arc 4: [2];
Arc 5: [0 1 0];
Region 0 (f = 0): () (-a2 -a3);
Region 1 (f = 4): (+a1);
Region 2 (f = 2): (+a2 -a4);
Region 3 (f = 4): (+a4 +a5);
Region 4 (f = 2): (+a3 -a5) (-a1);
}
