Canonifying ideal:
ideal(t) {
+4t-3;
+2t+3;
}
gives
Alexander polynomial (up to t -> 1/t):
+1;
==================
Canonifying ideal:
ideal(t) {
+4-7t+4t^2;
+4-6t+t^2+t^3;
+4-6t+t^2+t^3;
-4+5t+2t^2-2t^3;
}
gives
# *** Warning: result can be noncanonical ***
Alexander ideal generated by:
+5;
+1+2t+t^2;
==================
Canonifying ideal obtained from kanenoby 10 -2
gives
==================
Canonify ideal:
ideal(t) {
+332177328;
+12+68240532t;
+1353876-1607472t;
+1+16057617t+55111t^2;
+69022+140468496t+544144t^2;
-477317+19746927t-12953t^2;
+5177-82979183t+709211t^2+616t^3;
-4513+652924t+26830052t^2+t^3;
+2589-58686413t+787863t^2+17104t^3;
}
gives
# *** Warning: result can be noncanonical ***
Alexander ideal generated by:
+6;
+1+3t+t^2;
==================
The next two should coincide
# *** Warning: result can be noncanonical ***
Alexander ideal generated by:
+4;
+1-t;
==================
# *** Warning: result can be noncanonical ***
Alexander ideal generated by:
+4;
+1-t;
==================
Result of some ideals, see source for details:
# *** Warning: result can be noncanonical ***
Alexander ideal generated by:
+9;
+3-3t;
+1+t+t^2;
==================
# *** Warning: result can be noncanonical ***
Alexander ideal generated by:
+6;
+1+t;
==================
# *** Warning: result can be noncanonical ***
Alexander ideal generated by:
+9;
+3+3t+3t^2;
==================
# *** Warning: result can be noncanonical ***
Alexander ideal generated by:
+9-9t^3;
+3-3t-3t^3+3t^4;
+1+t+t^2-t^3-t^4-t^5;
==================
# *** Warning: result can be noncanonical ***
Alexander ideal generated by:
+9-9t^3;
+3-3t-3t^3+3t^4;
+1+t+t^2-t^3-t^4-t^5;
==================
knots 12a_0396 and 12a_0435 have unusual second elementary ideal
Computing second Alexander ideal for knot with dtcode: [4 10 16 20 2 22 24 6 14 8 18 12]
# *** Warning: result can be noncanonical ***
Alexander ideal generated by:
+9;
+3+3t;
-1+4t-t^2;
Computing second Alexander ideal for knot with dtcode: [4 10 18 14 2 22 16 8 20 6 24 12]
# *** Warning: result can be noncanonical ***
Alexander ideal generated by:
+2-2t+2t^2;
+1+t^2+t^4;
==================
