mendes {
Node 0:- 0;
Node 1:+ 0;
Node 2:+ 0;
Node 3:+ 0;
Node 4:+ 0;
Node 5:+ 1;
Node 6:- 1;
Node 7:- 0;
Node 8:- 0;
Node 9:- 0;
Node 10:- 0;
Node 11:+ 0;
Node 12:- 0;
Node 13:+ 0;
Arc 0: 1 10;
Arc 1: 1 12;
Arc 2: 2 0;
Arc 3: 3 7;
Arc 4: 3 12;
Arc 5: 4 8;
Arc 6: 4 12;
Arc 7: 5 6;
Arc 8: 5 10;
Arc 9: 11 9;
Arc 10: 11 12;
Arc 11: 13 0;
Arc 12: 13 9;
Arc 13: 13 10;
}
mendes_contour {
Node 0: (20,1);
Node 1: (22,2);
Node 2: (3,0) (20,0);
Node 3: (11,2) (13,2) (18,4);
Node 4: (12,2) (14,2) (19,4);
Node 5: (17,2) (17,4) (24,2);
Node 6: (2,1) (17,3) (17,5) (24,3);
Node 7: (7,1) (9,3) (11,3) (13,3) (18,5);
Node 8: (8,1) (10,3) (12,3) (14,3) (19,5);
Node 9: (9,1) (10,1) (15,1) (16,1) (18,1) (19,1);
Node 10: (3,1) (4,1) (5,1) (6,1) (17,1) (20,3) (22,1) (24,1) (25,1);
Node 11: (9,0) (10,0) (11,0) (12,0) (15,0) (16,0) (18,0) (19,0) (23,0);
Node 12: (11,1) (12,1) (13,1) (14,1) (15,3) (16,3) (18,3) (19,3) (21,1) (22,3) (23,1);
Node 13: (2,0) (4,0) (5,0) (6,0) (7,0) (8,0) (9,2) (10,2) (13,0) (14,0) (15,2) (16,2) (17,0) (18,2) (19,2) (20,2) (21,0) (22,0) (24,0) (25,0);
Arc 0: 6;
Arc 1: 7;
Arc 2: 3;
Arc 3: 27 28 34 37;
Arc 4: 20 32;
Arc 5: 26 29 35 36;
Arc 6: 21 33;
Arc 7: 8 9 10 11 30 31 38 39;
Arc 8: 4;
Arc 9: 12 13 14 15 16 17 18 19;
Arc 10: 2;
Arc 11: 5;
Arc 12: 22 23 24 25;
Arc 13: 1;
}
