See BUG 2016.06.08
d = 1
0;
Computing second elementary ideal for link links/link_2_6_3

WORK in progress...
Second elementary ideal for two-component links is not yet implemented
Unable to compute higer d = 2 Alexander ideal.
