value 901: trivial handlebody link
value 1231: HK6_5
value 1228: HK6_6
1231
901
1228
901
