fpgroup {
<a,b,c; CabA, BcaC, AbcB; a, CABaaa>
}
fpgroup {
<a,b,c,d,e,f,g,h,i; IFhf, HagA, GIfi, FHch, EBib, DgaG, CabA, BEde, AieI; a, GeAhiAfbIA>
}
fpgroup {
<a,b,c,d,e,f,g,h,i,j; JefE, IJbj, HfeF, GCac, FIci, EBjb, DghG, CAia, BdgD, AhdH; a, cDjaiEbFGH>
}
