sketch {
Arc 1: (0);
Arc 2: (0);
Arc 3: (2);
Region 0 (f = 0): () (-a1);
Region 1 (f = 0): (-a2);
Region 2 (f = 4): (+a3);
Region 3 (f = 2): (+a1) (+a2) (-a3);
}
sketch {
Arc 1: (0);
Arc 2: (0);
Arc 3: (0);
Region 0 (f = 0): () (-a1);
Region 1 (f = 0): (-a2);
Region 2 (f = 4): (+a3);
Region 3 (f = 2): (+a1) (-a3) (+a2);
}
sketch {
Arc 1: (0);
Arc 2: (0);
Arc 3: (0);
Arc 4: (0);
Region 0 (f = 0): () (-a1) (-a2);
Region 1 (f = 0): (-a3);
Region 2 (f = 0): (-a4);
Region 3 (f = 2): (+a2) (+a4);
Region 4 (f = 2): (+a1) (+a3);
}
sketch {
Arc 1: (0);
Arc 2: (0 1 2 1 0);
Region 0 (f = 0): () (-a1);
Region 1 (f = 4): (+a2);
Region 2 (f = 2): (+a1) (-a2);
}
sketch {
Arc 1: (0);
Arc 2: (0);
Arc 3: (0);
Region 0 (f = 0): () (-a1) (-a2) (-a3);
Region 1 (f = 2): (+a2);
Region 2 (f = 2): (+a3);
Region 3 (f = 2): (+a1);
}
