d = 1
1;
d = 1
+1-t+t^2;
d = 1
+1-3t+3t^2-3t^3+t^4;
d = 1
+1-3t+5t^2-3t^3+t^4;
d = 1
+1-5t+7t^2-5t^3+t^4;
d = 1
+1;
d = 1
+1;
0
1
2
1
3
2
